src/accounts/infrastructure/persistence/document/mappers/account.mapper.ts(9,31): error TS2551: Property 'tenant' does not exist on type 'AccountSchemaClass'. Did you mean 'tenantId'?
src/accounts/infrastructure/persistence/document/mappers/account.mapper.ts(21,13): error TS2551: Property 'owner' does not exist on type 'AccountSchemaClass'. Did you mean 'ownerId'?
src/accounts/infrastructure/persistence/document/mappers/account.mapper.ts(23,20): error TS2551: Property 'owner' does not exist on type 'AccountSchemaClass'. Did you mean 'ownerId'?
src/accounts/infrastructure/persistence/document/mappers/account.mapper.ts(24,17): error TS2551: Property 'owner' does not exist on type 'AccountSchemaClass'. Did you mean 'ownerId'?
src/accounts/infrastructure/persistence/document/mappers/account.mapper.ts(25,37): error TS2551: Property 'owner' does not exist on type 'AccountSchemaClass'. Did you mean 'ownerId'?
src/accounts/infrastructure/persistence/document/mappers/account.mapper.ts(42,23): error TS2551: Property 'tenant' does not exist on type 'AccountSchemaClass'. Did you mean 'tenantId'?
src/accounts/infrastructure/persistence/document/mappers/account.mapper.ts(54,23): error TS2551: Property 'owner' does not exist on type 'AccountSchemaClass'. Did you mean 'ownerId'?
src/canned-responses/infrastructure/persistence/document/mappers/canned-response.mapper.ts(8,25): error TS2551: Property 'tenant' does not exist on type 'CannedResponseSchemaClass'. Did you mean 'tenantId'?
src/canned-responses/infrastructure/persistence/document/mappers/canned-response.mapper.ts(13,28): error TS2551: Property 'createdBy' does not exist on type 'CannedResponseSchemaClass'. Did you mean 'createdById'?
src/channels/infrastructure/persistence/document/mappers/channel.mapper.ts(8,25): error TS2551: Property 'tenant' does not exist on type 'ChannelSchemaClass'. Did you mean 'tenantId'?
src/contacts/infrastructure/persistence/document/mappers/contact.mapper.ts(9,31): error TS2551: Property 'tenant' does not exist on type 'ContactSchemaClass'. Did you mean 'tenantId'?
src/contacts/infrastructure/persistence/document/mappers/contact.mapper.ts(18,32): error TS2551: Property 'account' does not exist on type 'ContactSchemaClass'. Did you mean 'accountId'?
src/contacts/infrastructure/persistence/document/mappers/contact.mapper.ts(25,13): error TS2551: Property 'owner' does not exist on type 'ContactSchemaClass'. Did you mean 'ownerId'?
src/contacts/infrastructure/persistence/document/mappers/contact.mapper.ts(27,20): error TS2551: Property 'owner' does not exist on type 'ContactSchemaClass'. Did you mean 'ownerId'?
src/contacts/infrastructure/persistence/document/mappers/contact.mapper.ts(28,17): error TS2551: Property 'owner' does not exist on type 'ContactSchemaClass'. Did you mean 'ownerId'?
src/contacts/infrastructure/persistence/document/mappers/contact.mapper.ts(29,37): error TS2551: Property 'owner' does not exist on type 'ContactSchemaClass'. Did you mean 'ownerId'?
src/contacts/infrastructure/persistence/document/mappers/contact.mapper.ts(31,13): error TS2551: Property 'createdBy' does not exist on type 'ContactSchemaClass'. Did you mean 'createdById'?
src/contacts/infrastructure/persistence/document/mappers/contact.mapper.ts(33,20): error TS2551: Property 'createdBy' does not exist on type 'ContactSchemaClass'. Did you mean 'createdById'?
src/contacts/infrastructure/persistence/document/mappers/contact.mapper.ts(34,17): error TS2551: Property 'createdBy' does not exist on type 'ContactSchemaClass'. Did you mean 'createdById'?
src/contacts/infrastructure/persistence/document/mappers/contact.mapper.ts(35,37): error TS2551: Property 'createdBy' does not exist on type 'ContactSchemaClass'. Did you mean 'createdById'?
src/contacts/infrastructure/persistence/document/mappers/contact.mapper.ts(37,13): error TS2551: Property 'updatedBy' does not exist on type 'ContactSchemaClass'. Did you mean 'updatedById'?
src/contacts/infrastructure/persistence/document/mappers/contact.mapper.ts(39,20): error TS2551: Property 'updatedBy' does not exist on type 'ContactSchemaClass'. Did you mean 'updatedById'?
src/contacts/infrastructure/persistence/document/mappers/contact.mapper.ts(40,17): error TS2551: Property 'updatedBy' does not exist on type 'ContactSchemaClass'. Did you mean 'updatedById'?
src/contacts/infrastructure/persistence/document/mappers/contact.mapper.ts(41,37): error TS2551: Property 'updatedBy' does not exist on type 'ContactSchemaClass'. Did you mean 'updatedById'?
src/contacts/infrastructure/persistence/document/mappers/contact.mapper.ts(55,23): error TS2551: Property 'tenant' does not exist on type 'ContactSchemaClass'. Did you mean 'tenantId'?
src/contacts/infrastructure/persistence/document/mappers/contact.mapper.ts(64,23): error TS2551: Property 'account' does not exist on type 'ContactSchemaClass'. Did you mean 'accountId'?
src/contacts/infrastructure/persistence/document/mappers/contact.mapper.ts(72,23): error TS2551: Property 'owner' does not exist on type 'ContactSchemaClass'. Did you mean 'ownerId'?
src/contacts/infrastructure/persistence/document/mappers/contact.mapper.ts(77,23): error TS2551: Property 'createdBy' does not exist on type 'ContactSchemaClass'. Did you mean 'createdById'?
src/contacts/infrastructure/persistence/document/mappers/contact.mapper.ts(82,23): error TS2551: Property 'updatedBy' does not exist on type 'ContactSchemaClass'. Did you mean 'updatedById'?
src/crm-settings/infrastructure/persistence/document/mappers/crm-setting.mapper.ts(7,31): error TS2551: Property 'tenant' does not exist on type 'CrmSettingSchemaClass'. Did you mean 'tenantId'?
src/crm-settings/infrastructure/persistence/document/mappers/crm-setting.mapper.ts(17,23): error TS2551: Property 'tenant' does not exist on type 'CrmSettingSchemaClass'. Did you mean 'tenantId'?
src/deals/infrastructure/persistence/document/mappers/deal.mapper.ts(8,31): error TS2551: Property 'tenant' does not exist on type 'DealSchemaClass'. Did you mean 'tenantId'?
src/deals/infrastructure/persistence/document/mappers/deal.mapper.ts(19,30): error TS2551: Property 'owner' does not exist on type 'DealSchemaClass'. Did you mean 'ownerId'?
src/deals/infrastructure/persistence/document/mappers/deal.mapper.ts(39,23): error TS2551: Property 'tenant' does not exist on type 'DealSchemaClass'. Did you mean 'tenantId'?
src/deals/infrastructure/persistence/document/mappers/deal.mapper.ts(50,23): error TS2551: Property 'owner' does not exist on type 'DealSchemaClass'. Did you mean 'ownerId'?
src/files/infrastructure/persistence/document/mappers/file.mapper.ts(9,31): error TS2551: Property 'tenant' does not exist on type 'FileSchemaClass'. Did you mean 'tenantId'?
src/files/infrastructure/persistence/document/mappers/file.mapper.ts(21,23): error TS2551: Property 'tenant' does not exist on type 'FileSchemaClass'. Did you mean 'tenantId'?
src/groups/infrastructure/persistence/document/mappers/group.mapper.ts(8,25): error TS2551: Property 'tenant' does not exist on type 'GroupSchemaClass'. Did you mean 'tenantId'?
src/groups/infrastructure/persistence/document/mappers/group.mapper.ts(11,30): error TS2551: Property 'parentGroup' does not exist on type 'GroupSchemaClass'. Did you mean 'parentGroupId'?
src/groups/infrastructure/persistence/document/mappers/group.mapper.ts(11,48): error TS2551: Property 'parentGroup' does not exist on type 'GroupSchemaClass'. Did you mean 'parentGroupId'?
src/groups/infrastructure/persistence/document/mappers/group.mapper.ts(12,26): error TS2551: Property 'manager' does not exist on type 'GroupSchemaClass'. Did you mean 'managerId'?
src/groups/infrastructure/persistence/document/mappers/group.mapper.ts(12,40): error TS2551: Property 'manager' does not exist on type 'GroupSchemaClass'. Did you mean 'managerId'?
src/groups/infrastructure/persistence/document/mappers/group.mapper.ts(13,27): error TS2551: Property 'members' does not exist on type 'GroupSchemaClass'. Did you mean 'memberIds'?
src/omni-inbound/infrastructure/persistence/document/mappers/omni-conversation.mapper.ts(8,13): error TS2551: Property 'assignedAgent' does not exist on type 'OmniConversationSchemaClass'. Did you mean 'assignedAgentId'?
src/omni-inbound/infrastructure/persistence/document/mappers/omni-conversation.mapper.ts(10,20): error TS2551: Property 'assignedAgent' does not exist on type 'OmniConversationSchemaClass'. Did you mean 'assignedAgentId'?
src/omni-inbound/infrastructure/persistence/document/mappers/omni-conversation.mapper.ts(10,63): error TS2551: Property 'assignedAgent' does not exist on type 'OmniConversationSchemaClass'. Did you mean 'assignedAgentId'?
src/omni-inbound/infrastructure/persistence/document/mappers/omni-conversation.mapper.ts(11,18): error TS2551: Property 'assignedAgent' does not exist on type 'OmniConversationSchemaClass'. Did you mean 'assignedAgentId'?
src/omni-inbound/infrastructure/persistence/document/mappers/omni-conversation.mapper.ts(12,17): error TS2551: Property 'assignedAgent' does not exist on type 'OmniConversationSchemaClass'. Did you mean 'assignedAgentId'?
src/omni-inbound/infrastructure/persistence/document/mappers/omni-conversation.mapper.ts(16,13): error TS2551: Property 'claimedBy' does not exist on type 'OmniConversationSchemaClass'. Did you mean 'claimedById'?
src/omni-inbound/infrastructure/persistence/document/mappers/omni-conversation.mapper.ts(18,20): error TS2551: Property 'claimedBy' does not exist on type 'OmniConversationSchemaClass'. Did you mean 'claimedById'?
src/omni-inbound/infrastructure/persistence/document/mappers/omni-conversation.mapper.ts(18,59): error TS2551: Property 'claimedBy' does not exist on type 'OmniConversationSchemaClass'. Did you mean 'claimedById'?
src/omni-inbound/infrastructure/persistence/document/mappers/omni-conversation.mapper.ts(19,18): error TS2551: Property 'claimedBy' does not exist on type 'OmniConversationSchemaClass'. Did you mean 'claimedById'?
src/omni-inbound/infrastructure/persistence/document/mappers/omni-conversation.mapper.ts(20,17): error TS2551: Property 'claimedBy' does not exist on type 'OmniConversationSchemaClass'. Did you mean 'claimedById'?
src/omni-inbound/infrastructure/persistence/document/mappers/omni-conversation.mapper.ts(25,21): error TS2551: Property 'tenant' does not exist on type 'OmniConversationSchemaClass'. Did you mean 'tenantId'?
src/omni-inbound/infrastructure/persistence/document/mappers/omni-conversation.mapper.ts(26,22): error TS2551: Property 'channel' does not exist on type 'OmniConversationSchemaClass'. Did you mean 'channelId'?
src/omni-inbound/infrastructure/persistence/document/mappers/omni-conversation.mapper.ts(60,9): error TS2551: Property 'tenant' does not exist on type 'OmniConversationSchemaClass'. Did you mean 'tenantId'?
src/omni-inbound/infrastructure/persistence/document/mappers/omni-conversation.mapper.ts(61,9): error TS2551: Property 'channel' does not exist on type 'OmniConversationSchemaClass'. Did you mean 'channelId'?
src/omni-inbound/infrastructure/persistence/document/mappers/omni-conversation.mapper.ts(66,9): error TS2551: Property 'assignedAgent' does not exist on type 'OmniConversationSchemaClass'. Did you mean 'assignedAgentId'?
src/omni-inbound/infrastructure/persistence/document/mappers/omni-conversation.mapper.ts(67,9): error TS2551: Property 'claimedBy' does not exist on type 'OmniConversationSchemaClass'. Did you mean 'claimedById'?
src/omni-inbound/infrastructure/persistence/document/mappers/omni-message.mapper.ts(8,21): error TS2551: Property 'tenant' does not exist on type 'OmniMessageSchemaClass'. Did you mean 'tenantId'?
src/omni-inbound/infrastructure/persistence/document/mappers/omni-message.mapper.ts(9,27): error TS2551: Property 'conversation' does not exist on type 'OmniMessageSchemaClass'. Did you mean 'conversationId'?
src/omni-inbound/infrastructure/persistence/document/mappers/omni-message.mapper.ts(29,9): error TS2551: Property 'tenant' does not exist on type 'OmniMessageSchemaClass'. Did you mean 'tenantId'?
src/omni-inbound/infrastructure/persistence/document/mappers/omni-message.mapper.ts(30,9): error TS2551: Property 'conversation' does not exist on type 'OmniMessageSchemaClass'. Did you mean 'conversationId'?
src/omni-inbound/repositories/activity.repository.ts(34,21): error TS2551: Property 'tenant' does not exist on type 'ConversationActivitySchemaClass'. Did you mean 'tenantId'?
src/omni-inbound/repositories/note.repository.ts(33,21): error TS2551: Property 'tenant' does not exist on type 'OmniNoteSchemaClass'. Did you mean 'tenantId'?
src/omni-inbound/services/conversation.service.ts(272,7): error TS2561: Object literal may only specify known properties, but 'tenant' does not exist in type 'Partial<OmniMessageSchemaClass>'. Did you mean to write 'tenantId'?
src/omni-inbound/services/outbound.service.ts(72,7): error TS2561: Object literal may only specify known properties, but 'tenant' does not exist in type 'Partial<OmniMessageSchemaClass>'. Did you mean to write 'tenantId'?
src/sla-policies/infrastructure/persistence/document/mappers/sla-policy.mapper.ts(8,25): error TS2551: Property 'tenant' does not exist on type 'SlaPolicySchemaClass'. Did you mean 'tenantId'?
src/tags/infrastructure/persistence/document/mappers/tag.mapper.ts(8,25): error TS2551: Property 'tenant' does not exist on type 'TagSchemaClass'. Did you mean 'tenantId'?
src/tasks/infrastructure/persistence/document/mappers/task.mapper.ts(8,31): error TS2551: Property 'tenant' does not exist on type 'TaskSchemaClass'. Did you mean 'tenantId'?
src/tasks/infrastructure/persistence/document/mappers/task.mapper.ts(15,35): error TS2551: Property 'assignedTo' does not exist on type 'TaskSchemaClass'. Did you mean 'assignedToId'?
src/tasks/infrastructure/persistence/document/mappers/task.mapper.ts(32,23): error TS2551: Property 'tenant' does not exist on type 'TaskSchemaClass'. Did you mean 'tenantId'?
src/tasks/infrastructure/persistence/document/mappers/task.mapper.ts(39,23): error TS2551: Property 'assignedTo' does not exist on type 'TaskSchemaClass'. Did you mean 'assignedToId'?
src/tenants/infrastructure/persistence/document/mappers/tenant.mapper.ts(16,24): error TS2551: Property 'owner' does not exist on type 'TenantSchemaClass'. Did you mean 'ownerId'?
src/tenants/infrastructure/persistence/document/mappers/tenant.mapper.ts(16,36): error TS2551: Property 'owner' does not exist on type 'TenantSchemaClass'. Did you mean 'ownerId'?
src/tenants/infrastructure/persistence/document/mappers/tenant.mapper.ts(42,19): error TS2551: Property 'owner' does not exist on type 'Partial<TenantSchemaClass>'. Did you mean 'ownerId'?
src/tickets/infrastructure/persistence/document/mappers/ticket.mapper.ts(8,31): error TS2551: Property 'tenant' does not exist on type 'TicketSchemaClass'. Did you mean 'tenantId'?
src/tickets/infrastructure/persistence/document/mappers/ticket.mapper.ts(12,34): error TS2551: Property 'requester' does not exist on type 'TicketSchemaClass'. Did you mean 'requesterId'?
src/tickets/infrastructure/persistence/document/mappers/ticket.mapper.ts(13,33): error TS2551: Property 'assignee' does not exist on type 'TicketSchemaClass'. Did you mean 'assigneeId'?
src/tickets/infrastructure/persistence/document/mappers/ticket.mapper.ts(36,23): error TS2551: Property 'tenant' does not exist on type 'TicketSchemaClass'. Did you mean 'tenantId'?
src/tickets/infrastructure/persistence/document/mappers/ticket.mapper.ts(40,23): error TS2551: Property 'requester' does not exist on type 'TicketSchemaClass'. Did you mean 'requesterId'?
src/tickets/infrastructure/persistence/document/mappers/ticket.mapper.ts(41,23): error TS2551: Property 'assignee' does not exist on type 'TicketSchemaClass'. Did you mean 'assigneeId'?
src/users/infrastructure/persistence/document/mappers/user.mapper.ts(17,21): error TS2551: Property 'tenant' does not exist on type '{ tenantId: string; roles: string[]; joinedAt: Date; }'. Did you mean 'tenantId'?
src/users/infrastructure/persistence/document/mappers/user.mapper.ts(70,5): error TS2322: Type '{ tenant: string; roles: string[]; joinedAt: Date; }[]' is not assignable to type '{ tenantId: string; roles: string[]; joinedAt: Date; }[]'.
  Property 'tenantId' is missing in type '{ tenant: string; roles: string[]; joinedAt: Date; }' but required in type '{ tenantId: string; roles: string[]; joinedAt: Date; }'.
