src/common/interceptors/tenant.interceptor.ts(194,52): error TS2551: Property 'tenant' does not exist on type '{ tenantId: string; roles: string[]; joinedAt: Date; }'. Did you mean 'tenantId'?
src/common/interceptors/tenant.interceptor.ts(268,44): error TS2551: Property 'tenant' does not exist on type '{ tenantId: string; roles: string[]; joinedAt: Date; }'. Did you mean 'tenantId'?
src/files/infrastructure/uploader/local/files.service.ts(30,46): error TS2345: Argument of type '{ path: string; }' is not assignable to parameter of type 'Omit<FileType, "id" | "version" | "createdAt" | "updatedAt" | "tenant">'.
  Property 'tenantId' is missing in type '{ path: string; }' but required in type 'Omit<FileType, "id" | "version" | "createdAt" | "updatedAt" | "tenant">'.
src/files/infrastructure/uploader/s3-presigned/files.service.ts(85,51): error TS2345: Argument of type '{ path: string; }' is not assignable to parameter of type 'Omit<FileType, "id" | "version" | "createdAt" | "updatedAt" | "tenant">'.
  Property 'tenantId' is missing in type '{ path: string; }' but required in type 'Omit<FileType, "id" | "version" | "createdAt" | "updatedAt" | "tenant">'.
src/files/infrastructure/uploader/s3/files.service.ts(24,46): error TS2345: Argument of type '{ path: string; }' is not assignable to parameter of type 'Omit<FileType, "id" | "version" | "createdAt" | "updatedAt" | "tenant">'.
  Property 'tenantId' is missing in type '{ path: string; }' but required in type 'Omit<FileType, "id" | "version" | "createdAt" | "updatedAt" | "tenant">'.
src/omni-inbound/controllers/inbound.controller.ts(177,34): error TS2551: Property 'tenant' does not exist on type 'Channel'. Did you mean 'tenantId'?
src/omni-inbound/infrastructure/persistence/document/mappers/omni-conversation.mapper.ts(8,13): error TS2551: Property 'assignedAgent' does not exist on type 'OmniConversationSchemaClass'. Did you mean 'assignedAgentId'?
src/omni-inbound/infrastructure/persistence/document/mappers/omni-conversation.mapper.ts(10,20): error TS2551: Property 'assignedAgent' does not exist on type 'OmniConversationSchemaClass'. Did you mean 'assignedAgentId'?
src/omni-inbound/infrastructure/persistence/document/mappers/omni-conversation.mapper.ts(10,63): error TS2551: Property 'assignedAgent' does not exist on type 'OmniConversationSchemaClass'. Did you mean 'assignedAgentId'?
src/omni-inbound/infrastructure/persistence/document/mappers/omni-conversation.mapper.ts(11,18): error TS2551: Property 'assignedAgent' does not exist on type 'OmniConversationSchemaClass'. Did you mean 'assignedAgentId'?
src/omni-inbound/infrastructure/persistence/document/mappers/omni-conversation.mapper.ts(12,17): error TS2551: Property 'assignedAgent' does not exist on type 'OmniConversationSchemaClass'. Did you mean 'assignedAgentId'?
src/omni-inbound/infrastructure/persistence/document/mappers/omni-conversation.mapper.ts(16,13): error TS2551: Property 'claimedBy' does not exist on type 'OmniConversationSchemaClass'. Did you mean 'claimedById'?
src/omni-inbound/infrastructure/persistence/document/mappers/omni-conversation.mapper.ts(18,20): error TS2551: Property 'claimedBy' does not exist on type 'OmniConversationSchemaClass'. Did you mean 'claimedById'?
src/omni-inbound/infrastructure/persistence/document/mappers/omni-conversation.mapper.ts(18,59): error TS2551: Property 'claimedBy' does not exist on type 'OmniConversationSchemaClass'. Did you mean 'claimedById'?
src/omni-inbound/infrastructure/persistence/document/mappers/omni-conversation.mapper.ts(19,18): error TS2551: Property 'claimedBy' does not exist on type 'OmniConversationSchemaClass'. Did you mean 'claimedById'?
src/omni-inbound/infrastructure/persistence/document/mappers/omni-conversation.mapper.ts(20,17): error TS2551: Property 'claimedBy' does not exist on type 'OmniConversationSchemaClass'. Did you mean 'claimedById'?
src/omni-inbound/infrastructure/persistence/document/mappers/omni-conversation.mapper.ts(25,21): error TS2551: Property 'tenant' does not exist on type 'OmniConversationSchemaClass'. Did you mean 'tenantId'?
src/omni-inbound/infrastructure/persistence/document/mappers/omni-conversation.mapper.ts(26,22): error TS2551: Property 'channel' does not exist on type 'OmniConversationSchemaClass'. Did you mean 'channelId'?
src/omni-inbound/infrastructure/persistence/document/mappers/omni-conversation.mapper.ts(60,9): error TS2551: Property 'tenant' does not exist on type 'OmniConversationSchemaClass'. Did you mean 'tenantId'?
src/omni-inbound/infrastructure/persistence/document/mappers/omni-conversation.mapper.ts(61,9): error TS2551: Property 'channel' does not exist on type 'OmniConversationSchemaClass'. Did you mean 'channelId'?
src/omni-inbound/infrastructure/persistence/document/mappers/omni-conversation.mapper.ts(66,9): error TS2551: Property 'assignedAgent' does not exist on type 'OmniConversationSchemaClass'. Did you mean 'assignedAgentId'?
src/omni-inbound/infrastructure/persistence/document/mappers/omni-conversation.mapper.ts(67,9): error TS2551: Property 'claimedBy' does not exist on type 'OmniConversationSchemaClass'. Did you mean 'claimedById'?
src/omni-inbound/infrastructure/persistence/document/mappers/omni-message.mapper.ts(8,21): error TS2551: Property 'tenant' does not exist on type 'OmniMessageSchemaClass'. Did you mean 'tenantId'?
src/omni-inbound/infrastructure/persistence/document/mappers/omni-message.mapper.ts(9,27): error TS2551: Property 'conversation' does not exist on type 'OmniMessageSchemaClass'. Did you mean 'conversationId'?
src/omni-inbound/infrastructure/persistence/document/mappers/omni-message.mapper.ts(29,9): error TS2551: Property 'tenant' does not exist on type 'OmniMessageSchemaClass'. Did you mean 'tenantId'?
src/omni-inbound/infrastructure/persistence/document/mappers/omni-message.mapper.ts(30,9): error TS2551: Property 'conversation' does not exist on type 'OmniMessageSchemaClass'. Did you mean 'conversationId'?
src/omni-inbound/repositories/activity.repository.ts(34,21): error TS2551: Property 'tenant' does not exist on type 'ConversationActivitySchemaClass'. Did you mean 'tenantId'?
src/omni-inbound/repositories/note.repository.ts(33,21): error TS2551: Property 'tenant' does not exist on type 'OmniNoteSchemaClass'. Did you mean 'tenantId'?
src/omni-inbound/services/conversation.service.ts(272,7): error TS2561: Object literal may only specify known properties, but 'tenant' does not exist in type 'Partial<OmniMessageSchemaClass>'. Did you mean to write 'tenantId'?
src/omni-inbound/services/outbound.service.ts(72,7): error TS2561: Object literal may only specify known properties, but 'tenant' does not exist in type 'Partial<OmniMessageSchemaClass>'. Did you mean to write 'tenantId'?
src/roles/tenant-roles.guard.ts(62,52): error TS2551: Property 'tenant' does not exist on type '{ tenantId: string; roles: string[]; joinedAt: Date; }'. Did you mean 'tenantId'?
src/sla-policies/infrastructure/persistence/document/mappers/sla-policy.mapper.ts(8,25): error TS2551: Property 'tenant' does not exist on type 'SlaPolicySchemaClass'. Did you mean 'tenantId'?
src/tags/infrastructure/persistence/document/mappers/tag.mapper.ts(8,25): error TS2551: Property 'tenant' does not exist on type 'TagSchemaClass'. Did you mean 'tenantId'?
src/tasks/infrastructure/persistence/document/mappers/task.mapper.ts(8,31): error TS2551: Property 'tenant' does not exist on type 'TaskSchemaClass'. Did you mean 'tenantId'?
src/tasks/infrastructure/persistence/document/mappers/task.mapper.ts(15,35): error TS2551: Property 'assignedTo' does not exist on type 'TaskSchemaClass'. Did you mean 'assignedToId'?
src/tasks/infrastructure/persistence/document/mappers/task.mapper.ts(32,23): error TS2551: Property 'tenant' does not exist on type 'TaskSchemaClass'. Did you mean 'tenantId'?
src/tasks/infrastructure/persistence/document/mappers/task.mapper.ts(39,23): error TS2551: Property 'assignedTo' does not exist on type 'TaskSchemaClass'. Did you mean 'assignedToId'?
src/tenants/infrastructure/persistence/document/mappers/tenant.mapper.ts(16,24): error TS2551: Property 'owner' does not exist on type 'TenantSchemaClass'. Did you mean 'ownerId'?
src/tenants/infrastructure/persistence/document/mappers/tenant.mapper.ts(16,36): error TS2551: Property 'owner' does not exist on type 'TenantSchemaClass'. Did you mean 'ownerId'?
src/tenants/infrastructure/persistence/document/mappers/tenant.mapper.ts(42,19): error TS2551: Property 'owner' does not exist on type 'Partial<TenantSchemaClass>'. Did you mean 'ownerId'?
src/tenants/tenants.service.ts(161,14): error TS2561: Object literal may only specify known properties, but 'tenant' does not exist in type '{ tenantId: string; roles: string[]; joinedAt: Date; }'. Did you mean to write 'tenantId'?
src/tenants/tenants.service.ts(355,15): error TS2561: Object literal may only specify known properties, but 'tenant' does not exist in type '{ tenantId: string; roles: string[]; joinedAt: Date; }'. Did you mean to write 'tenantId'?
src/tickets/infrastructure/persistence/document/mappers/ticket.mapper.ts(8,31): error TS2551: Property 'tenant' does not exist on type 'TicketSchemaClass'. Did you mean 'tenantId'?
src/tickets/infrastructure/persistence/document/mappers/ticket.mapper.ts(12,34): error TS2551: Property 'requester' does not exist on type 'TicketSchemaClass'. Did you mean 'requesterId'?
src/tickets/infrastructure/persistence/document/mappers/ticket.mapper.ts(13,33): error TS2551: Property 'assignee' does not exist on type 'TicketSchemaClass'. Did you mean 'assigneeId'?
src/tickets/infrastructure/persistence/document/mappers/ticket.mapper.ts(36,23): error TS2551: Property 'tenant' does not exist on type 'TicketSchemaClass'. Did you mean 'tenantId'?
src/tickets/infrastructure/persistence/document/mappers/ticket.mapper.ts(40,23): error TS2551: Property 'requester' does not exist on type 'TicketSchemaClass'. Did you mean 'requesterId'?
src/tickets/infrastructure/persistence/document/mappers/ticket.mapper.ts(41,23): error TS2551: Property 'assignee' does not exist on type 'TicketSchemaClass'. Did you mean 'assigneeId'?
