// Jest Snapshot v1, https://jestjs.io/docs/snapshot-testing

exports[`ABAC evaluator — operator × type truth table should match the recorded truth table 1`] = `
{
  "contains(array,array)": false,
  "contains(array,boolFalse)": false,
  "contains(array,boolTrue)": false,
  "contains(array,date)": false,
  "contains(array,emptyString)": false,
  "contains(array,isoString)": false,
  "contains(array,null)": false,
  "contains(array,number)": true,
  "contains(array,numericString)": false,
  "contains(array,string)": false,
  "contains(array,undefined)": false,
  "contains(boolFalse,array)": false,
  "contains(boolFalse,boolFalse)": false,
  "contains(boolFalse,boolTrue)": false,
  "contains(boolFalse,date)": false,
  "contains(boolFalse,emptyString)": false,
  "contains(boolFalse,isoString)": false,
  "contains(boolFalse,null)": false,
  "contains(boolFalse,number)": false,
  "contains(boolFalse,numericString)": false,
  "contains(boolFalse,string)": false,
  "contains(boolFalse,undefined)": false,
  "contains(boolTrue,array)": false,
  "contains(boolTrue,boolFalse)": false,
  "contains(boolTrue,boolTrue)": false,
  "contains(boolTrue,date)": false,
  "contains(boolTrue,emptyString)": false,
  "contains(boolTrue,isoString)": false,
  "contains(boolTrue,null)": false,
  "contains(boolTrue,number)": false,
  "contains(boolTrue,numericString)": false,
  "contains(boolTrue,string)": false,
  "contains(boolTrue,undefined)": false,
  "contains(date,array)": false,
  "contains(date,boolFalse)": false,
  "contains(date,boolTrue)": false,
  "contains(date,date)": false,
  "contains(date,emptyString)": false,
  "contains(date,isoString)": false,
  "contains(date,null)": false,
  "contains(date,number)": false,
  "contains(date,numericString)": false,
  "contains(date,string)": false,
  "contains(date,undefined)": false,
  "contains(emptyString,array)": false,
  "contains(emptyString,boolFalse)": false,
  "contains(emptyString,boolTrue)": false,
  "contains(emptyString,date)": false,
  "contains(emptyString,emptyString)": true,
  "contains(emptyString,isoString)": false,
  "contains(emptyString,null)": false,
  "contains(emptyString,number)": false,
  "contains(emptyString,numericString)": false,
  "contains(emptyString,string)": false,
  "contains(emptyString,undefined)": false,
  "contains(isoString,array)": false,
  "contains(isoString,boolFalse)": false,
  "contains(isoString,boolTrue)": false,
  "contains(isoString,date)": false,
  "contains(isoString,emptyString)": true,
  "contains(isoString,isoString)": true,
  "contains(isoString,null)": false,
  "contains(isoString,number)": false,
  "contains(isoString,numericString)": false,
  "contains(isoString,string)": false,
  "contains(isoString,undefined)": false,
  "contains(null,array)": false,
  "contains(null,boolFalse)": false,
  "contains(null,boolTrue)": false,
  "contains(null,date)": false,
  "contains(null,emptyString)": false,
  "contains(null,isoString)": false,
  "contains(null,null)": false,
  "contains(null,number)": false,
  "contains(null,numericString)": false,
  "contains(null,string)": false,
  "contains(null,undefined)": false,
  "contains(number,array)": false,
  "contains(number,boolFalse)": false,
  "contains(number,boolTrue)": false,
  "contains(number,date)": false,
  "contains(number,emptyString)": false,
  "contains(number,isoString)": false,
  "contains(number,null)": false,
  "contains(number,number)": false,
  "contains(number,numericString)": false,
  "contains(number,string)": false,
  "contains(number,undefined)": false,
  "contains(numericString,array)": true,
  "contains(numericString,boolFalse)": false,
  "contains(numericString,boolTrue)": false,
  "contains(numericString,date)": false,
  "contains(numericString,emptyString)": true,
  "contains(numericString,isoString)": false,
  "contains(numericString,null)": false,
  "contains(numericString,number)": true,
  "contains(numericString,numericString)": true,
  "contains(numericString,string)": false,
  "contains(numericString,undefined)": false,
  "contains(string,array)": false,
  "contains(string,boolFalse)": false,
  "contains(string,boolTrue)": false,
  "contains(string,date)": false,
  "contains(string,emptyString)": true,
  "contains(string,isoString)": false,
  "contains(string,null)": false,
  "contains(string,number)": false,
  "contains(string,numericString)": false,
  "contains(string,string)": true,
  "contains(string,undefined)": false,
  "contains(undefined,array)": false,
  "contains(undefined,boolFalse)": false,
  "contains(undefined,boolTrue)": false,
  "contains(undefined,date)": false,
  "contains(undefined,emptyString)": false,
  "contains(undefined,isoString)": false,
  "contains(undefined,null)": false,
  "contains(undefined,number)": false,
  "contains(undefined,numericString)": false,
  "contains(undefined,string)": false,
  "contains(undefined,undefined)": false,
  "eq(array,array)": true,
  "eq(array,boolFalse)": false,
  "eq(array,boolTrue)": false,
  "eq(array,date)": false,
  "eq(array,emptyString)": false,
  "eq(array,isoString)": false,
  "eq(array,null)": false,
  "eq(array,number)": false,
  "eq(array,numericString)": true,
  "eq(array,string)": false,
  "eq(array,undefined)": false,
  "eq(boolFalse,array)": false,
  "eq(boolFalse,boolFalse)": true,
  "eq(boolFalse,boolTrue)": false,
  "eq(boolFalse,date)": false,
  "eq(boolFalse,emptyString)": false,
  "eq(boolFalse,isoString)": false,
  "eq(boolFalse,null)": false,
  "eq(boolFalse,number)": false,
  "eq(boolFalse,numericString)": false,
  "eq(boolFalse,string)": false,
  "eq(boolFalse,undefined)": false,
  "eq(boolTrue,array)": false,
  "eq(boolTrue,boolFalse)": false,
  "eq(boolTrue,boolTrue)": true,
  "eq(boolTrue,date)": false,
  "eq(boolTrue,emptyString)": false,
  "eq(boolTrue,isoString)": false,
  "eq(boolTrue,null)": false,
  "eq(boolTrue,number)": false,
  "eq(boolTrue,numericString)": false,
  "eq(boolTrue,string)": false,
  "eq(boolTrue,undefined)": false,
  "eq(date,array)": false,
  "eq(date,boolFalse)": false,
  "eq(date,boolTrue)": false,
  "eq(date,date)": true,
  "eq(date,emptyString)": false,
  "eq(date,isoString)": false,
  "eq(date,null)": false,
  "eq(date,number)": false,
  "eq(date,numericString)": false,
  "eq(date,string)": false,
  "eq(date,undefined)": false,
  "eq(emptyString,array)": false,
  "eq(emptyString,boolFalse)": false,
  "eq(emptyString,boolTrue)": false,
  "eq(emptyString,date)": false,
  "eq(emptyString,emptyString)": true,
  "eq(emptyString,isoString)": false,
  "eq(emptyString,null)": false,
  "eq(emptyString,number)": false,
  "eq(emptyString,numericString)": false,
  "eq(emptyString,string)": false,
  "eq(emptyString,undefined)": false,
  "eq(isoString,array)": false,
  "eq(isoString,boolFalse)": false,
  "eq(isoString,boolTrue)": false,
  "eq(isoString,date)": false,
  "eq(isoString,emptyString)": false,
  "eq(isoString,isoString)": true,
  "eq(isoString,null)": false,
  "eq(isoString,number)": false,
  "eq(isoString,numericString)": false,
  "eq(isoString,string)": false,
  "eq(isoString,undefined)": false,
  "eq(null,array)": false,
  "eq(null,boolFalse)": false,
  "eq(null,boolTrue)": false,
  "eq(null,date)": false,
  "eq(null,emptyString)": false,
  "eq(null,isoString)": false,
  "eq(null,null)": true,
  "eq(null,number)": false,
  "eq(null,numericString)": false,
  "eq(null,string)": false,
  "eq(null,undefined)": true,
  "eq(number,array)": false,
  "eq(number,boolFalse)": false,
  "eq(number,boolTrue)": false,
  "eq(number,date)": false,
  "eq(number,emptyString)": false,
  "eq(number,isoString)": false,
  "eq(number,null)": false,
  "eq(number,number)": true,
  "eq(number,numericString)": false,
  "eq(number,string)": false,
  "eq(number,undefined)": false,
  "eq(numericString,array)": true,
  "eq(numericString,boolFalse)": false,
  "eq(numericString,boolTrue)": false,
  "eq(numericString,date)": false,
  "eq(numericString,emptyString)": false,
  "eq(numericString,isoString)": false,
  "eq(numericString,null)": false,
  "eq(numericString,number)": false,
  "eq(numericString,numericString)": true,
  "eq(numericString,string)": false,
  "eq(numericString,undefined)": false,
  "eq(string,array)": false,
  "eq(string,boolFalse)": false,
  "eq(string,boolTrue)": false,
  "eq(string,date)": false,
  "eq(string,emptyString)": false,
  "eq(string,isoString)": false,
  "eq(string,null)": false,
  "eq(string,number)": false,
  "eq(string,numericString)": false,
  "eq(string,string)": true,
  "eq(string,undefined)": false,
  "eq(undefined,array)": false,
  "eq(undefined,boolFalse)": false,
  "eq(undefined,boolTrue)": false,
  "eq(undefined,date)": false,
  "eq(undefined,emptyString)": false,
  "eq(undefined,isoString)": false,
  "eq(undefined,null)": true,
  "eq(undefined,number)": false,
  "eq(undefined,numericString)": false,
  "eq(undefined,string)": false,
  "eq(undefined,undefined)": true,
  "exists(array,array)": true,
  "exists(array,boolFalse)": false,
  "exists(array,boolTrue)": true,
  "exists(array,date)": true,
  "exists(array,emptyString)": true,
  "exists(array,isoString)": true,
  "exists(array,null)": true,
  "exists(array,number)": true,
  "exists(array,numericString)": true,
  "exists(array,string)": true,
  "exists(array,undefined)": true,
  "exists(boolFalse,array)": true,
  "exists(boolFalse,boolFalse)": false,
  "exists(boolFalse,boolTrue)": true,
  "exists(boolFalse,date)": true,
  "exists(boolFalse,emptyString)": true,
  "exists(boolFalse,isoString)": true,
  "exists(boolFalse,null)": true,
  "exists(boolFalse,number)": true,
  "exists(boolFalse,numericString)": true,
  "exists(boolFalse,string)": true,
  "exists(boolFalse,undefined)": true,
  "exists(boolTrue,array)": true,
  "exists(boolTrue,boolFalse)": false,
  "exists(boolTrue,boolTrue)": true,
  "exists(boolTrue,date)": true,
  "exists(boolTrue,emptyString)": true,
  "exists(boolTrue,isoString)": true,
  "exists(boolTrue,null)": true,
  "exists(boolTrue,number)": true,
  "exists(boolTrue,numericString)": true,
  "exists(boolTrue,string)": true,
  "exists(boolTrue,undefined)": true,
  "exists(date,array)": true,
  "exists(date,boolFalse)": false,
  "exists(date,boolTrue)": true,
  "exists(date,date)": true,
  "exists(date,emptyString)": true,
  "exists(date,isoString)": true,
  "exists(date,null)": true,
  "exists(date,number)": true,
  "exists(date,numericString)": true,
  "exists(date,string)": true,
  "exists(date,undefined)": true,
  "exists(emptyString,array)": true,
  "exists(emptyString,boolFalse)": false,
  "exists(emptyString,boolTrue)": true,
  "exists(emptyString,date)": true,
  "exists(emptyString,emptyString)": true,
  "exists(emptyString,isoString)": true,
  "exists(emptyString,null)": true,
  "exists(emptyString,number)": true,
  "exists(emptyString,numericString)": true,
  "exists(emptyString,string)": true,
  "exists(emptyString,undefined)": true,
  "exists(isoString,array)": true,
  "exists(isoString,boolFalse)": false,
  "exists(isoString,boolTrue)": true,
  "exists(isoString,date)": true,
  "exists(isoString,emptyString)": true,
  "exists(isoString,isoString)": true,
  "exists(isoString,null)": true,
  "exists(isoString,number)": true,
  "exists(isoString,numericString)": true,
  "exists(isoString,string)": true,
  "exists(isoString,undefined)": true,
  "exists(null,array)": false,
  "exists(null,boolFalse)": true,
  "exists(null,boolTrue)": false,
  "exists(null,date)": false,
  "exists(null,emptyString)": false,
  "exists(null,isoString)": false,
  "exists(null,null)": false,
  "exists(null,number)": false,
  "exists(null,numericString)": false,
  "exists(null,string)": false,
  "exists(null,undefined)": false,
  "exists(number,array)": true,
  "exists(number,boolFalse)": false,
  "exists(number,boolTrue)": true,
  "exists(number,date)": true,
  "exists(number,emptyString)": true,
  "exists(number,isoString)": true,
  "exists(number,null)": true,
  "exists(number,number)": true,
  "exists(number,numericString)": true,
  "exists(number,string)": true,
  "exists(number,undefined)": true,
  "exists(numericString,array)": true,
  "exists(numericString,boolFalse)": false,
  "exists(numericString,boolTrue)": true,
  "exists(numericString,date)": true,
  "exists(numericString,emptyString)": true,
  "exists(numericString,isoString)": true,
  "exists(numericString,null)": true,
  "exists(numericString,number)": true,
  "exists(numericString,numericString)": true,
  "exists(numericString,string)": true,
  "exists(numericString,undefined)": true,
  "exists(string,array)": true,
  "exists(string,boolFalse)": false,
  "exists(string,boolTrue)": true,
  "exists(string,date)": true,
  "exists(string,emptyString)": true,
  "exists(string,isoString)": true,
  "exists(string,null)": true,
  "exists(string,number)": true,
  "exists(string,numericString)": true,
  "exists(string,string)": true,
  "exists(string,undefined)": true,
  "exists(undefined,array)": false,
  "exists(undefined,boolFalse)": true,
  "exists(undefined,boolTrue)": false,
  "exists(undefined,date)": false,
  "exists(undefined,emptyString)": false,
  "exists(undefined,isoString)": false,
  "exists(undefined,null)": false,
  "exists(undefined,number)": false,
  "exists(undefined,numericString)": false,
  "exists(undefined,string)": false,
  "exists(undefined,undefined)": false,
  "gt(array,array)": false,
  "gt(array,boolFalse)": false,
  "gt(array,boolTrue)": false,
  "gt(array,date)": false,
  "gt(array,emptyString)": true,
  "gt(array,isoString)": false,
  "gt(array,null)": false,
  "gt(array,number)": false,
  "gt(array,numericString)": false,
  "gt(array,string)": false,
  "gt(array,undefined)": false,
  "gt(boolFalse,array)": true,
  "gt(boolFalse,boolFalse)": false,
  "gt(boolFalse,boolTrue)": false,
  "gt(boolFalse,date)": false,
  "gt(boolFalse,emptyString)": true,
  "gt(boolFalse,isoString)": false,
  "gt(boolFalse,null)": false,
  "gt(boolFalse,number)": false,
  "gt(boolFalse,numericString)": false,
  "gt(boolFalse,string)": true,
  "gt(boolFalse,undefined)": false,
  "gt(boolTrue,array)": true,
  "gt(boolTrue,boolFalse)": true,
  "gt(boolTrue,boolTrue)": false,
  "gt(boolTrue,date)": false,
  "gt(boolTrue,emptyString)": true,
  "gt(boolTrue,isoString)": false,
  "gt(boolTrue,null)": false,
  "gt(boolTrue,number)": false,
  "gt(boolTrue,numericString)": false,
  "gt(boolTrue,string)": true,
  "gt(boolTrue,undefined)": false,
  "gt(date,array)": false,
  "gt(date,boolFalse)": false,
  "gt(date,boolTrue)": false,
  "gt(date,date)": false,
  "gt(date,emptyString)": false,
  "gt(date,isoString)": false,
  "gt(date,null)": false,
  "gt(date,number)": true,
  "gt(date,numericString)": true,
  "gt(date,string)": false,
  "gt(date,undefined)": false,
  "gt(emptyString,array)": false,
  "gt(emptyString,boolFalse)": false,
  "gt(emptyString,boolTrue)": false,
  "gt(emptyString,date)": false,
  "gt(emptyString,emptyString)": false,
  "gt(emptyString,isoString)": false,
  "gt(emptyString,null)": false,
  "gt(emptyString,number)": false,
  "gt(emptyString,numericString)": false,
  "gt(emptyString,string)": false,
  "gt(emptyString,undefined)": false,
  "gt(isoString,array)": false,
  "gt(isoString,boolFalse)": false,
  "gt(isoString,boolTrue)": false,
  "gt(isoString,date)": false,
  "gt(isoString,emptyString)": false,
  "gt(isoString,isoString)": false,
  "gt(isoString,null)": false,
  "gt(isoString,number)": true,
  "gt(isoString,numericString)": true,
  "gt(isoString,string)": false,
  "gt(isoString,undefined)": false,
  "gt(null,array)": false,
  "gt(null,boolFalse)": false,
  "gt(null,boolTrue)": false,
  "gt(null,date)": false,
  "gt(null,emptyString)": false,
  "gt(null,isoString)": false,
  "gt(null,null)": false,
  "gt(null,number)": false,
  "gt(null,numericString)": false,
  "gt(null,string)": false,
  "gt(null,undefined)": false,
  "gt(number,array)": false,
  "gt(number,boolFalse)": false,
  "gt(number,boolTrue)": false,
  "gt(number,date)": false,
  "gt(number,emptyString)": false,
  "gt(number,isoString)": false,
  "gt(number,null)": false,
  "gt(number,number)": false,
  "gt(number,numericString)": false,
  "gt(number,string)": false,
  "gt(number,undefined)": false,
  "gt(numericString,array)": false,
  "gt(numericString,boolFalse)": false,
  "gt(numericString,boolTrue)": false,
  "gt(numericString,date)": false,
  "gt(numericString,emptyString)": false,
  "gt(numericString,isoString)": false,
  "gt(numericString,null)": false,
  "gt(numericString,number)": false,
  "gt(numericString,numericString)": false,
  "gt(numericString,string)": false,
  "gt(numericString,undefined)": false,
  "gt(string,array)": true,
  "gt(string,boolFalse)": false,
  "gt(string,boolTrue)": false,
  "gt(string,date)": false,
  "gt(string,emptyString)": true,
  "gt(string,isoString)": false,
  "gt(string,null)": false,
  "gt(string,number)": false,
  "gt(string,numericString)": false,
  "gt(string,string)": false,
  "gt(string,undefined)": false,
  "gt(undefined,array)": false,
  "gt(undefined,boolFalse)": false,
  "gt(undefined,boolTrue)": false,
  "gt(undefined,date)": false,
  "gt(undefined,emptyString)": false,
  "gt(undefined,isoString)": false,
  "gt(undefined,null)": false,
  "gt(undefined,number)": false,
  "gt(undefined,numericString)": false,
  "gt(undefined,string)": false,
  "gt(undefined,undefined)": false,
  "gte(array,array)": true,
  "gte(array,boolFalse)": false,
  "gte(array,boolTrue)": false,
  "gte(array,date)": false,
  "gte(array,emptyString)": true,
  "gte(array,isoString)": false,
  "gte(array,null)": false,
  "gte(array,number)": false,
  "gte(array,numericString)": false,
  "gte(array,string)": false,
  "gte(array,undefined)": false,
  "gte(boolFalse,array)": true,
  "gte(boolFalse,boolFalse)": true,
  "gte(boolFalse,boolTrue)": false,
  "gte(boolFalse,date)": false,
  "gte(boolFalse,emptyString)": true,
  "gte(boolFalse,isoString)": false,
  "gte(boolFalse,null)": false,
  "gte(boolFalse,number)": false,
  "gte(boolFalse,numericString)": false,
  "gte(boolFalse,string)": true,
  "gte(boolFalse,undefined)": false,
  "gte(boolTrue,array)": true,
  "gte(boolTrue,boolFalse)": true,
  "gte(boolTrue,boolTrue)": true,
  "gte(boolTrue,date)": false,
  "gte(boolTrue,emptyString)": true,
  "gte(boolTrue,isoString)": false,
  "gte(boolTrue,null)": false,
  "gte(boolTrue,number)": false,
  "gte(boolTrue,numericString)": false,
  "gte(boolTrue,string)": true,
  "gte(boolTrue,undefined)": false,
  "gte(date,array)": false,
  "gte(date,boolFalse)": false,
  "gte(date,boolTrue)": false,
  "gte(date,date)": true,
  "gte(date,emptyString)": false,
  "gte(date,isoString)": true,
  "gte(date,null)": false,
  "gte(date,number)": true,
  "gte(date,numericString)": true,
  "gte(date,string)": false,
  "gte(date,undefined)": false,
  "gte(emptyString,array)": false,
  "gte(emptyString,boolFalse)": false,
  "gte(emptyString,boolTrue)": false,
  "gte(emptyString,date)": false,
  "gte(emptyString,emptyString)": true,
  "gte(emptyString,isoString)": false,
  "gte(emptyString,null)": false,
  "gte(emptyString,number)": false,
  "gte(emptyString,numericString)": false,
  "gte(emptyString,string)": false,
  "gte(emptyString,undefined)": false,
  "gte(isoString,array)": false,
  "gte(isoString,boolFalse)": false,
  "gte(isoString,boolTrue)": false,
  "gte(isoString,date)": true,
  "gte(isoString,emptyString)": false,
  "gte(isoString,isoString)": true,
  "gte(isoString,null)": false,
  "gte(isoString,number)": true,
  "gte(isoString,numericString)": true,
  "gte(isoString,string)": false,
  "gte(isoString,undefined)": false,
  "gte(null,array)": false,
  "gte(null,boolFalse)": false,
  "gte(null,boolTrue)": false,
  "gte(null,date)": false,
  "gte(null,emptyString)": false,
  "gte(null,isoString)": false,
  "gte(null,null)": false,
  "gte(null,number)": false,
  "gte(null,numericString)": false,
  "gte(null,string)": false,
  "gte(null,undefined)": false,
  "gte(number,array)": false,
  "gte(number,boolFalse)": false,
  "gte(number,boolTrue)": false,
  "gte(number,date)": false,
  "gte(number,emptyString)": false,
  "gte(number,isoString)": false,
  "gte(number,null)": false,
  "gte(number,number)": true,
  "gte(number,numericString)": true,
  "gte(number,string)": false,
  "gte(number,undefined)": false,
  "gte(numericString,array)": false,
  "gte(numericString,boolFalse)": false,
  "gte(numericString,boolTrue)": false,
  "gte(numericString,date)": false,
  "gte(numericString,emptyString)": false,
  "gte(numericString,isoString)": false,
  "gte(numericString,null)": false,
  "gte(numericString,number)": true,
  "gte(numericString,numericString)": true,
  "gte(numericString,string)": false,
  "gte(numericString,undefined)": false,
  "gte(string,array)": true,
  "gte(string,boolFalse)": false,
  "gte(string,boolTrue)": false,
  "gte(string,date)": false,
  "gte(string,emptyString)": true,
  "gte(string,isoString)": false,
  "gte(string,null)": false,
  "gte(string,number)": false,
  "gte(string,numericString)": false,
  "gte(string,string)": true,
  "gte(string,undefined)": false,
  "gte(undefined,array)": false,
  "gte(undefined,boolFalse)": false,
  "gte(undefined,boolTrue)": false,
  "gte(undefined,date)": false,
  "gte(undefined,emptyString)": false,
  "gte(undefined,isoString)": false,
  "gte(undefined,null)": false,
  "gte(undefined,number)": false,
  "gte(undefined,numericString)": false,
  "gte(undefined,string)": false,
  "gte(undefined,undefined)": false,
  "in(array,array)": false,
  "in(array,boolFalse)": false,
  "in(array,boolTrue)": false,
  "in(array,date)": false,
  "in(array,emptyString)": false,
  "in(array,isoString)": false,
  "in(array,null)": false,
  "in(array,number)": false,
  "in(array,numericString)": false,
  "in(array,string)": false,
  "in(array,undefined)": false,
  "in(boolFalse,array)": false,
  "in(boolFalse,boolFalse)": false,
  "in(boolFalse,boolTrue)": false,
  "in(boolFalse,date)": false,
  "in(boolFalse,emptyString)": false,
  "in(boolFalse,isoString)": false,
  "in(boolFalse,null)": false,
  "in(boolFalse,number)": false,
  "in(boolFalse,numericString)": false,
  "in(boolFalse,string)": false,
  "in(boolFalse,undefined)": false,
  "in(boolTrue,array)": false,
  "in(boolTrue,boolFalse)": false,
  "in(boolTrue,boolTrue)": false,
  "in(boolTrue,date)": false,
  "in(boolTrue,emptyString)": false,
  "in(boolTrue,isoString)": false,
  "in(boolTrue,null)": false,
  "in(boolTrue,number)": false,
  "in(boolTrue,numericString)": false,
  "in(boolTrue,string)": false,
  "in(boolTrue,undefined)": false,
  "in(date,array)": false,
  "in(date,boolFalse)": false,
  "in(date,boolTrue)": false,
  "in(date,date)": false,
  "in(date,emptyString)": false,
  "in(date,isoString)": false,
  "in(date,null)": false,
  "in(date,number)": false,
  "in(date,numericString)": false,
  "in(date,string)": false,
  "in(date,undefined)": false,
  "in(emptyString,array)": false,
  "in(emptyString,boolFalse)": false,
  "in(emptyString,boolTrue)": false,
  "in(emptyString,date)": false,
  "in(emptyString,emptyString)": false,
  "in(emptyString,isoString)": false,
  "in(emptyString,null)": false,
  "in(emptyString,number)": false,
  "in(emptyString,numericString)": false,
  "in(emptyString,string)": false,
  "in(emptyString,undefined)": false,
  "in(isoString,array)": false,
  "in(isoString,boolFalse)": false,
  "in(isoString,boolTrue)": false,
  "in(isoString,date)": false,
  "in(isoString,emptyString)": false,
  "in(isoString,isoString)": false,
  "in(isoString,null)": false,
  "in(isoString,number)": false,
  "in(isoString,numericString)": false,
  "in(isoString,string)": false,
  "in(isoString,undefined)": false,
  "in(null,array)": false,
  "in(null,boolFalse)": false,
  "in(null,boolTrue)": false,
  "in(null,date)": false,
  "in(null,emptyString)": false,
  "in(null,isoString)": false,
  "in(null,null)": false,
  "in(null,number)": false,
  "in(null,numericString)": false,
  "in(null,string)": false,
  "in(null,undefined)": false,
  "in(number,array)": true,
  "in(number,boolFalse)": false,
  "in(number,boolTrue)": false,
  "in(number,date)": false,
  "in(number,emptyString)": false,
  "in(number,isoString)": false,
  "in(number,null)": false,
  "in(number,number)": false,
  "in(number,numericString)": false,
  "in(number,string)": false,
  "in(number,undefined)": false,
  "in(numericString,array)": false,
  "in(numericString,boolFalse)": false,
  "in(numericString,boolTrue)": false,
  "in(numericString,date)": false,
  "in(numericString,emptyString)": false,
  "in(numericString,isoString)": false,
  "in(numericString,null)": false,
  "in(numericString,number)": false,
  "in(numericString,numericString)": false,
  "in(numericString,string)": false,
  "in(numericString,undefined)": false,
  "in(string,array)": false,
  "in(string,boolFalse)": false,
  "in(string,boolTrue)": false,
  "in(string,date)": false,
  "in(string,emptyString)": false,
  "in(string,isoString)": false,
  "in(string,null)": false,
  "in(string,number)": false,
  "in(string,numericString)": false,
  "in(string,string)": false,
  "in(string,undefined)": false,
  "in(undefined,array)": false,
  "in(undefined,boolFalse)": false,
  "in(undefined,boolTrue)": false,
  "in(undefined,date)": false,
  "in(undefined,emptyString)": false,
  "in(undefined,isoString)": false,
  "in(undefined,null)": false,
  "in(undefined,number)": false,
  "in(undefined,numericString)": false,
  "in(undefined,string)": false,
  "in(undefined,undefined)": false,
  "lt(array,array)": false,
  "lt(array,boolFalse)": true,
  "lt(array,boolTrue)": true,
  "lt(array,date)": false,
  "lt(array,emptyString)": false,
  "lt(array,isoString)": false,
  "lt(array,null)": false,
  "lt(array,number)": false,
  "lt(array,numericString)": false,
  "lt(array,string)": true,
  "lt(array,undefined)": false,
  "lt(boolFalse,array)": false,
  "lt(boolFalse,boolFalse)": false,
  "lt(boolFalse,boolTrue)": true,
  "lt(boolFalse,date)": false,
  "lt(boolFalse,emptyString)": false,
  "lt(boolFalse,isoString)": false,
  "lt(boolFalse,null)": false,
  "lt(boolFalse,number)": false,
  "lt(boolFalse,numericString)": false,
  "lt(boolFalse,string)": false,
  "lt(boolFalse,undefined)": false,
  "lt(boolTrue,array)": false,
  "lt(boolTrue,boolFalse)": false,
  "lt(boolTrue,boolTrue)": false,
  "lt(boolTrue,date)": false,
  "lt(boolTrue,emptyString)": false,
  "lt(boolTrue,isoString)": false,
  "lt(boolTrue,null)": false,
  "lt(boolTrue,number)": false,
  "lt(boolTrue,numericString)": false,
  "lt(boolTrue,string)": false,
  "lt(boolTrue,undefined)": false,
  "lt(date,array)": false,
  "lt(date,boolFalse)": false,
  "lt(date,boolTrue)": false,
  "lt(date,date)": false,
  "lt(date,emptyString)": false,
  "lt(date,isoString)": false,
  "lt(date,null)": false,
  "lt(date,number)": false,
  "lt(date,numericString)": false,
  "lt(date,string)": false,
  "lt(date,undefined)": false,
  "lt(emptyString,array)": true,
  "lt(emptyString,boolFalse)": true,
  "lt(emptyString,boolTrue)": true,
  "lt(emptyString,date)": false,
  "lt(emptyString,emptyString)": false,
  "lt(emptyString,isoString)": false,
  "lt(emptyString,null)": false,
  "lt(emptyString,number)": false,
  "lt(emptyString,numericString)": false,
  "lt(emptyString,string)": true,
  "lt(emptyString,undefined)": false,
  "lt(isoString,array)": false,
  "lt(isoString,boolFalse)": false,
  "lt(isoString,boolTrue)": false,
  "lt(isoString,date)": false,
  "lt(isoString,emptyString)": false,
  "lt(isoString,isoString)": false,
  "lt(isoString,null)": false,
  "lt(isoString,number)": false,
  "lt(isoString,numericString)": false,
  "lt(isoString,string)": false,
  "lt(isoString,undefined)": false,
  "lt(null,array)": false,
  "lt(null,boolFalse)": false,
  "lt(null,boolTrue)": false,
  "lt(null,date)": false,
  "lt(null,emptyString)": false,
  "lt(null,isoString)": false,
  "lt(null,null)": false,
  "lt(null,number)": false,
  "lt(null,numericString)": false,
  "lt(null,string)": false,
  "lt(null,undefined)": false,
  "lt(number,array)": false,
  "lt(number,boolFalse)": false,
  "lt(number,boolTrue)": false,
  "lt(number,date)": true,
  "lt(number,emptyString)": false,
  "lt(number,isoString)": true,
  "lt(number,null)": false,
  "lt(number,number)": false,
  "lt(number,numericString)": false,
  "lt(number,string)": false,
  "lt(number,undefined)": false,
  "lt(numericString,array)": false,
  "lt(numericString,boolFalse)": false,
  "lt(numericString,boolTrue)": false,
  "lt(numericString,date)": true,
  "lt(numericString,emptyString)": false,
  "lt(numericString,isoString)": true,
  "lt(numericString,null)": false,
  "lt(numericString,number)": false,
  "lt(numericString,numericString)": false,
  "lt(numericString,string)": false,
  "lt(numericString,undefined)": false,
  "lt(string,array)": false,
  "lt(string,boolFalse)": true,
  "lt(string,boolTrue)": true,
  "lt(string,date)": false,
  "lt(string,emptyString)": false,
  "lt(string,isoString)": false,
  "lt(string,null)": false,
  "lt(string,number)": false,
  "lt(string,numericString)": false,
  "lt(string,string)": false,
  "lt(string,undefined)": false,
  "lt(undefined,array)": false,
  "lt(undefined,boolFalse)": false,
  "lt(undefined,boolTrue)": false,
  "lt(undefined,date)": false,
  "lt(undefined,emptyString)": false,
  "lt(undefined,isoString)": false,
  "lt(undefined,null)": false,
  "lt(undefined,number)": false,
  "lt(undefined,numericString)": false,
  "lt(undefined,string)": false,
  "lt(undefined,undefined)": false,
  "lte(array,array)": true,
  "lte(array,boolFalse)": true,
  "lte(array,boolTrue)": true,
  "lte(array,date)": false,
  "lte(array,emptyString)": false,
  "lte(array,isoString)": false,
  "lte(array,null)": false,
  "lte(array,number)": false,
  "lte(array,numericString)": false,
  "lte(array,string)": true,
  "lte(array,undefined)": false,
  "lte(boolFalse,array)": false,
  "lte(boolFalse,boolFalse)": true,
  "lte(boolFalse,boolTrue)": true,
  "lte(boolFalse,date)": false,
  "lte(boolFalse,emptyString)": false,
  "lte(boolFalse,isoString)": false,
  "lte(boolFalse,null)": false,
  "lte(boolFalse,number)": false,
  "lte(boolFalse,numericString)": false,
  "lte(boolFalse,string)": false,
  "lte(boolFalse,undefined)": false,
  "lte(boolTrue,array)": false,
  "lte(boolTrue,boolFalse)": false,
  "lte(boolTrue,boolTrue)": true,
  "lte(boolTrue,date)": false,
  "lte(boolTrue,emptyString)": false,
  "lte(boolTrue,isoString)": false,
  "lte(boolTrue,null)": false,
  "lte(boolTrue,number)": false,
  "lte(boolTrue,numericString)": false,
  "lte(boolTrue,string)": false,
  "lte(boolTrue,undefined)": false,
  "lte(date,array)": false,
  "lte(date,boolFalse)": false,
  "lte(date,boolTrue)": false,
  "lte(date,date)": true,
  "lte(date,emptyString)": false,
  "lte(date,isoString)": true,
  "lte(date,null)": false,
  "lte(date,number)": false,
  "lte(date,numericString)": false,
  "lte(date,string)": false,
  "lte(date,undefined)": false,
  "lte(emptyString,array)": true,
  "lte(emptyString,boolFalse)": true,
  "lte(emptyString,boolTrue)": true,
  "lte(emptyString,date)": false,
  "lte(emptyString,emptyString)": true,
  "lte(emptyString,isoString)": false,
  "lte(emptyString,null)": false,
  "lte(emptyString,number)": false,
  "lte(emptyString,numericString)": false,
  "lte(emptyString,string)": true,
  "lte(emptyString,undefined)": false,
  "lte(isoString,array)": false,
  "lte(isoString,boolFalse)": false,
  "lte(isoString,boolTrue)": false,
  "lte(isoString,date)": true,
  "lte(isoString,emptyString)": false,
  "lte(isoString,isoString)": true,
  "lte(isoString,null)": false,
  "lte(isoString,number)": false,
  "lte(isoString,numericString)": false,
  "lte(isoString,string)": false,
  "lte(isoString,undefined)": false,
  "lte(null,array)": false,
  "lte(null,boolFalse)": false,
  "lte(null,boolTrue)": false,
  "lte(null,date)": false,
  "lte(null,emptyString)": false,
  "lte(null,isoString)": false,
  "lte(null,null)": false,
  "lte(null,number)": false,
  "lte(null,numericString)": false,
  "lte(null,string)": false,
  "lte(null,undefined)": false,
  "lte(number,array)": false,
  "lte(number,boolFalse)": false,
  "lte(number,boolTrue)": false,
  "lte(number,date)": true,
  "lte(number,emptyString)": false,
  "lte(number,isoString)": true,
  "lte(number,null)": false,
  "lte(number,number)": true,
  "lte(number,numericString)": true,
  "lte(number,string)": false,
  "lte(number,undefined)": false,
  "lte(numericString,array)": false,
  "lte(numericString,boolFalse)": false,
  "lte(numericString,boolTrue)": false,
  "lte(numericString,date)": true,
  "lte(numericString,emptyString)": false,
  "lte(numericString,isoString)": true,
  "lte(numericString,null)": false,
  "lte(numericString,number)": true,
  "lte(numericString,numericString)": true,
  "lte(numericString,string)": false,
  "lte(numericString,undefined)": false,
  "lte(string,array)": false,
  "lte(string,boolFalse)": true,
  "lte(string,boolTrue)": true,
  "lte(string,date)": false,
  "lte(string,emptyString)": false,
  "lte(string,isoString)": false,
  "lte(string,null)": false,
  "lte(string,number)": false,
  "lte(string,numericString)": false,
  "lte(string,string)": true,
  "lte(string,undefined)": false,
  "lte(undefined,array)": false,
  "lte(undefined,boolFalse)": false,
  "lte(undefined,boolTrue)": false,
  "lte(undefined,date)": false,
  "lte(undefined,emptyString)": false,
  "lte(undefined,isoString)": false,
  "lte(undefined,null)": false,
  "lte(undefined,number)": false,
  "lte(undefined,numericString)": false,
  "lte(undefined,string)": false,
  "lte(undefined,undefined)": false,
  "ne(array,array)": false,
  "ne(array,boolFalse)": true,
  "ne(array,boolTrue)": true,
  "ne(array,date)": true,
  "ne(array,emptyString)": true,
  "ne(array,isoString)": true,
  "ne(array,null)": true,
  "ne(array,number)": true,
  "ne(array,numericString)": false,
  "ne(array,string)": true,
  "ne(array,undefined)": true,
  "ne(boolFalse,array)": true,
  "ne(boolFalse,boolFalse)": false,
  "ne(boolFalse,boolTrue)": true,
  "ne(boolFalse,date)": true,
  "ne(boolFalse,emptyString)": true,
  "ne(boolFalse,isoString)": true,
  "ne(boolFalse,null)": true,
  "ne(boolFalse,number)": true,
  "ne(boolFalse,numericString)": true,
  "ne(boolFalse,string)": true,
  "ne(boolFalse,undefined)": true,
  "ne(boolTrue,array)": true,
  "ne(boolTrue,boolFalse)": true,
  "ne(boolTrue,boolTrue)": false,
  "ne(boolTrue,date)": true,
  "ne(boolTrue,emptyString)": true,
  "ne(boolTrue,isoString)": true,
  "ne(boolTrue,null)": true,
  "ne(boolTrue,number)": true,
  "ne(boolTrue,numericString)": true,
  "ne(boolTrue,string)": true,
  "ne(boolTrue,undefined)": true,
  "ne(date,array)": true,
  "ne(date,boolFalse)": true,
  "ne(date,boolTrue)": true,
  "ne(date,date)": false,
  "ne(date,emptyString)": true,
  "ne(date,isoString)": true,
  "ne(date,null)": true,
  "ne(date,number)": true,
  "ne(date,numericString)": true,
  "ne(date,string)": true,
  "ne(date,undefined)": true,
  "ne(emptyString,array)": true,
  "ne(emptyString,boolFalse)": true,
  "ne(emptyString,boolTrue)": true,
  "ne(emptyString,date)": true,
  "ne(emptyString,emptyString)": false,
  "ne(emptyString,isoString)": true,
  "ne(emptyString,null)": true,
  "ne(emptyString,number)": true,
  "ne(emptyString,numericString)": true,
  "ne(emptyString,string)": true,
  "ne(emptyString,undefined)": true,
  "ne(isoString,array)": true,
  "ne(isoString,boolFalse)": true,
  "ne(isoString,boolTrue)": true,
  "ne(isoString,date)": true,
  "ne(isoString,emptyString)": true,
  "ne(isoString,isoString)": false,
  "ne(isoString,null)": true,
  "ne(isoString,number)": true,
  "ne(isoString,numericString)": true,
  "ne(isoString,string)": true,
  "ne(isoString,undefined)": true,
  "ne(null,array)": true,
  "ne(null,boolFalse)": true,
  "ne(null,boolTrue)": true,
  "ne(null,date)": true,
  "ne(null,emptyString)": true,
  "ne(null,isoString)": true,
  "ne(null,null)": false,
  "ne(null,number)": true,
  "ne(null,numericString)": true,
  "ne(null,string)": true,
  "ne(null,undefined)": false,
  "ne(number,array)": true,
  "ne(number,boolFalse)": true,
  "ne(number,boolTrue)": true,
  "ne(number,date)": true,
  "ne(number,emptyString)": true,
  "ne(number,isoString)": true,
  "ne(number,null)": true,
  "ne(number,number)": false,
  "ne(number,numericString)": true,
  "ne(number,string)": true,
  "ne(number,undefined)": true,
  "ne(numericString,array)": false,
  "ne(numericString,boolFalse)": true,
  "ne(numericString,boolTrue)": true,
  "ne(numericString,date)": true,
  "ne(numericString,emptyString)": true,
  "ne(numericString,isoString)": true,
  "ne(numericString,null)": true,
  "ne(numericString,number)": true,
  "ne(numericString,numericString)": false,
  "ne(numericString,string)": true,
  "ne(numericString,undefined)": true,
  "ne(string,array)": true,
  "ne(string,boolFalse)": true,
  "ne(string,boolTrue)": true,
  "ne(string,date)": true,
  "ne(string,emptyString)": true,
  "ne(string,isoString)": true,
  "ne(string,null)": true,
  "ne(string,number)": true,
  "ne(string,numericString)": true,
  "ne(string,string)": false,
  "ne(string,undefined)": true,
  "ne(undefined,array)": true,
  "ne(undefined,boolFalse)": true,
  "ne(undefined,boolTrue)": true,
  "ne(undefined,date)": true,
  "ne(undefined,emptyString)": true,
  "ne(undefined,isoString)": true,
  "ne(undefined,null)": false,
  "ne(undefined,number)": true,
  "ne(undefined,numericString)": true,
  "ne(undefined,string)": true,
  "ne(undefined,undefined)": false,
  "nin(array,array)": true,
  "nin(array,boolFalse)": true,
  "nin(array,boolTrue)": true,
  "nin(array,date)": true,
  "nin(array,emptyString)": true,
  "nin(array,isoString)": true,
  "nin(array,null)": true,
  "nin(array,number)": true,
  "nin(array,numericString)": true,
  "nin(array,string)": true,
  "nin(array,undefined)": true,
  "nin(boolFalse,array)": true,
  "nin(boolFalse,boolFalse)": true,
  "nin(boolFalse,boolTrue)": true,
  "nin(boolFalse,date)": true,
  "nin(boolFalse,emptyString)": true,
  "nin(boolFalse,isoString)": true,
  "nin(boolFalse,null)": true,
  "nin(boolFalse,number)": true,
  "nin(boolFalse,numericString)": true,
  "nin(boolFalse,string)": true,
  "nin(boolFalse,undefined)": true,
  "nin(boolTrue,array)": true,
  "nin(boolTrue,boolFalse)": true,
  "nin(boolTrue,boolTrue)": true,
  "nin(boolTrue,date)": true,
  "nin(boolTrue,emptyString)": true,
  "nin(boolTrue,isoString)": true,
  "nin(boolTrue,null)": true,
  "nin(boolTrue,number)": true,
  "nin(boolTrue,numericString)": true,
  "nin(boolTrue,string)": true,
  "nin(boolTrue,undefined)": true,
  "nin(date,array)": true,
  "nin(date,boolFalse)": true,
  "nin(date,boolTrue)": true,
  "nin(date,date)": true,
  "nin(date,emptyString)": true,
  "nin(date,isoString)": true,
  "nin(date,null)": true,
  "nin(date,number)": true,
  "nin(date,numericString)": true,
  "nin(date,string)": true,
  "nin(date,undefined)": true,
  "nin(emptyString,array)": true,
  "nin(emptyString,boolFalse)": true,
  "nin(emptyString,boolTrue)": true,
  "nin(emptyString,date)": true,
  "nin(emptyString,emptyString)": true,
  "nin(emptyString,isoString)": true,
  "nin(emptyString,null)": true,
  "nin(emptyString,number)": true,
  "nin(emptyString,numericString)": true,
  "nin(emptyString,string)": true,
  "nin(emptyString,undefined)": true,
  "nin(isoString,array)": true,
  "nin(isoString,boolFalse)": true,
  "nin(isoString,boolTrue)": true,
  "nin(isoString,date)": true,
  "nin(isoString,emptyString)": true,
  "nin(isoString,isoString)": true,
  "nin(isoString,null)": true,
  "nin(isoString,number)": true,
  "nin(isoString,numericString)": true,
  "nin(isoString,string)": true,
  "nin(isoString,undefined)": true,
  "nin(null,array)": true,
  "nin(null,boolFalse)": true,
  "nin(null,boolTrue)": true,
  "nin(null,date)": true,
  "nin(null,emptyString)": true,
  "nin(null,isoString)": true,
  "nin(null,null)": true,
  "nin(null,number)": true,
  "nin(null,numericString)": true,
  "nin(null,string)": true,
  "nin(null,undefined)": true,
  "nin(number,array)": false,
  "nin(number,boolFalse)": true,
  "nin(number,boolTrue)": true,
  "nin(number,date)": true,
  "nin(number,emptyString)": true,
  "nin(number,isoString)": true,
  "nin(number,null)": true,
  "nin(number,number)": true,
  "nin(number,numericString)": true,
  "nin(number,string)": true,
  "nin(number,undefined)": true,
  "nin(numericString,array)": true,
  "nin(numericString,boolFalse)": true,
  "nin(numericString,boolTrue)": true,
  "nin(numericString,date)": true,
  "nin(numericString,emptyString)": true,
  "nin(numericString,isoString)": true,
  "nin(numericString,null)": true,
  "nin(numericString,number)": true,
  "nin(numericString,numericString)": true,
  "nin(numericString,string)": true,
  "nin(numericString,undefined)": true,
  "nin(string,array)": true,
  "nin(string,boolFalse)": true,
  "nin(string,boolTrue)": true,
  "nin(string,date)": true,
  "nin(string,emptyString)": true,
  "nin(string,isoString)": true,
  "nin(string,null)": true,
  "nin(string,number)": true,
  "nin(string,numericString)": true,
  "nin(string,string)": true,
  "nin(string,undefined)": true,
  "nin(undefined,array)": true,
  "nin(undefined,boolFalse)": true,
  "nin(undefined,boolTrue)": true,
  "nin(undefined,date)": true,
  "nin(undefined,emptyString)": true,
  "nin(undefined,isoString)": true,
  "nin(undefined,null)": true,
  "nin(undefined,number)": true,
  "nin(undefined,numericString)": true,
  "nin(undefined,string)": true,
  "nin(undefined,undefined)": true,
}
`;
